// Jest Snapshot v1, https://goo.gl/fbAQLP

exports[`renders correctly 1`] = `
<View
  style={
    Object {
      "alignItems": "center",
      "alignSelf": "stretch",
      "flex": 1,
      "flexDirection": "column",
      "justifyContent": "space-between",
      "marginTop": 20,
    }
  }
>
  <View
    pointerEvents="box-none"
    style={
      Object {
        "height": 300,
        "overflow": "hidden",
        "width": 300,
      }
    }
  >
    <ViewManagerAdapter_ExpoVideoView
      proxiedProperties={
        Object {
          "isLoaded": true,
          "onError": [Function],
          "onFullscreenUpdate": [Function],
          "onLoad": [Function],
          "onLoadStart": [Function],
          "onReadyForDisplay": [Function],
          "onStatusUpdate": [Function],
          "resizeMode": "mock",
          "source": Object {
            "headers": undefined,
            "overridingExtension": null,
            "uri": "http://d23dyxeqlo5psv.cloudfront.net/big_buck_bunny.mp4",
          },
          "status": Object {
            "isLooping": true,
            "isMuted": false,
            "rate": 1,
            "shouldPlay": true,
            "volume": 1,
          },
        }
      }
      style={
        Object {
          "bottom": 0,
          "left": 0,
          "position": "absolute",
          "right": 0,
          "top": 0,
        }
      }
    />
  </View>
  <RCTScrollView
    data={
      Array [
        PlaylistItem {
          "key": "1",
          "name": "Big Buck Bunny",
          "uri": "http://d23dyxeqlo5psv.cloudfront.net/big_buck_bunny.mp4",
        },
        PlaylistItem {
          "key": "2",
          "name": "Popeye - I don't scare",
          "uri": "https://ia800501.us.archive.org/11/items/popeye_i_dont_scare/popeye_i_dont_scare_512kb.mp4",
        },
      ]
    }
    disableVirtualization={false}
    getItem={[Function]}
    getItemCount={[Function]}
    horizontal={false}
    initialNumToRender={10}
    keyExtractor={[Function]}
    maxToRenderPerBatch={10}
    numColumns={1}
    onContentSizeChange={[Function]}
    onEndReachedThreshold={2}
    onLayout={[Function]}
    onMomentumScrollEnd={[Function]}
    onScroll={[Function]}
    onScrollBeginDrag={[Function]}
    onScrollEndDrag={[Function]}
    removeClippedSubviews={false}
    renderItem={[Function]}
    scrollEventThrottle={50}
    stickyHeaderIndices={Array []}
    updateCellsBatchingPeriod={50}
    viewabilityConfigCallbackPairs={Array []}
    windowSize={21}
  >
    <View>
      <View
        onLayout={[Function]}
        style={null}
      >
        <View>
          <View
            accessible={true}
            isTVSelectable={true}
            onResponderGrant={[Function]}
            onResponderMove={[Function]}
            onResponderRelease={[Function]}
            onResponderTerminate={[Function]}
            onResponderTerminationRequest={[Function]}
            onStartShouldSetResponder={[Function]}
            style={
              Object {
                "opacity": 1,
              }
            }
          >
            <Text
              style={
                Object {
                  "fontSize": 18,
                  "height": 44,
                  "padding": 10,
                }
              }
            >
              Big Buck Bunny
            </Text>
          </View>
        </View>
      </View>
      <View
        onLayout={[Function]}
        style={null}
      >
        <View>
          <View
            accessible={true}
            isTVSelectable={true}
            onResponderGrant={[Function]}
            onResponderMove={[Function]}
            onResponderRelease={[Function]}
            onResponderTerminate={[Function]}
            onResponderTerminationRequest={[Function]}
            onStartShouldSetResponder={[Function]}
            style={
              Object {
                "opacity": 1,
              }
            }
          >
            <Text
              style={
                Object {
                  "fontSize": 18,
                  "height": 44,
                  "padding": 10,
                }
              }
            >
              Popeye - I don't scare
            </Text>
          </View>
        </View>
      </View>
    </View>
  </RCTScrollView>
</View>
`;
